[36mvite v7.3.1 [32mbuilding client environment for production...[36m[39m
transforming...
node.exe : Found 2 warnings while optimizing generated 
CSS:
위치 C:\Program Files\nodejs\npx.ps1:29 문자:3
+   & $NODE_EXE $NPX_CLI_JS $args
+   ~~~~~~~~~~~~~~~~~~~~~~~~~~~~~
    + CategoryInfo          : NotSpecified: (Found 2 w 
   arning... generated CSS::String) [], RemoteExcepti  
  on
    + FullyQualifiedErrorId : NativeCommandError
 

Issue #1:
[2m??  }[22m
[2m??}[22m
[2m??[22m @import url("https://cdn.jsdelivr.net/gh/ori
oncactus/pretendard@v1.3.9/dist/web/static/pretendard.c
ss");
[2m??[22m        [33m[2m^--[22m @import rules must 
precede all rules aside from @charset and @layer statem
ents[39m
[2m??[22m
[2m??@import url("https://fonts.googleapis.com/css2?fa
mily=Inter:wght@400;500;600;700;800;900&display=swap");
[22m
[2m??:root {[22m

Issue #2:
[2m??}[22m
[2m??@import url("https://cdn.jsdelivr.net/gh/orioncac
tus/pretendard@v1.3.9/dist/web/static/pretendard.css");
[22m
[2m??[22m @import url("https://fonts.googleapis.com/cs
s2?family=Inter:wght@400;500;600;700;800;900&display=sw
ap");
[2m??[22m        [33m[2m^--[22m @import rules must 
precede all rules aside from @charset and @layer statem
ents[39m
[2m??[22m
[2m??:root {[22m
[2m??  --bg-dark: #0a0a0c;[22m

[32m??[39m 9 modules transformed.
[31m??[39m Build failed in 184ms
[31merror during build:
[31m[vite:vue] [plugin vite:vue] src/views/Feed.vue (1
5:7): Element is missing end tag.[31m
file: [36mC:/Users/Rich/uxmanual.github.io/src/views/F
eed.vue:15:7[31m
SyntaxError: [plugin vite:vue] src/views/Feed.vue (15:7
): Element is missing end tag.
    at createCompilerError (C:\Users\Rich\uxmanual.gith
ub.io\node_modules\@vue\compiler-core\dist\compiler-cor
e.cjs.prod.js:1374:17)
    at emitError (C:\Users\Rich\uxmanual.github.io\node
_modules\@vue\compiler-core\dist\compiler-core.cjs.prod
.js:2980:5)
    at Object.onclosetag (C:\Users\Rich\uxmanual.github
.io\node_modules\@vue\compiler-core\dist\compiler-core.
cjs.prod.js:2377:13)
    at Tokenizer.stateInClosingTagName (C:\Users\Rich\u
xmanual.github.io\node_modules\@vue\compiler-core\dist\
compiler-core.cjs.prod.js:799:16)
    at Tokenizer.parse (C:\Users\Rich\uxmanual.github.i
o\node_modules\@vue\compiler-core\dist\compiler-core.cj
s.prod.js:1157:16)
    at Object.baseParse (C:\Users\Rich\uxmanual.github.
io\node_modules\@vue\compiler-core\dist\compiler-core.c
js.prod.js:3012:13)
    at Object.parse (C:\Users\Rich\uxmanual.github.io\n
ode_modules\@vue\compiler-dom\dist\compiler-dom.cjs.pro
d.js:665:23)
    at Object.parse$1 [as parse] (C:\Users\Rich\uxmanua
l.github.io\node_modules\@vue\compiler-sfc\dist\compile
r-sfc.cjs.js:1824:24)
    at createDescriptor (file:///C:/Users/Rich/uxmanual
.github.io/node_modules/@vitejs/plugin-vue/dist/index.m
js:54:42)
    at transformMain (file:///C:/Users/Rich/uxmanual.gi
thub.io/node_modules/@vitejs/plugin-vue/dist/index.mjs:
1319:33)[39m
